Copyright 1986-2022 Xilinx, Inc. All Rights Reserved. Copyright 2022-2025 Advanced Micro Devices, Inc. All Rights Reserved.
--------------------------------------------------------------------------------------------------------------------------------------------------------------
| Tool Version : Vivado v.2025.1 (win64) Build 6140274 Thu May 22 00:12:29 MDT 2025
| Date         : Wed Sep  9 19:57:58 2026
| Host         : Siddharth-PC running 64-bit major release  (build 9200)
| Command      : report_timing_summary -delay_type min_max -report_unconstrained -file MOBILENET_RTL_SOURCE/soc/build_166.667_quantfix/timing.rpt
| Design       : system_wrapper
| Device       : 7z010-clg400
| Speed File   : -1  PRODUCTION 1.12 2019-11-22
| Design State : Physopt postRoute
--------------------------------------------------------------------------------------------------------------------------------------------------------------

Timing Summary Report

------------------------------------------------------------------------------------------------
| Timer Settings
| --------------
------------------------------------------------------------------------------------------------

  Enable Multi Corner Analysis               :  Yes
  Enable Pessimism Removal                   :  Yes
  Pessimism Removal Resolution               :  Nearest Common Node
  Enable Input Delay Default Clock           :  No
  Enable Preset / Clear Arcs                 :  No
  Disable Flight Delays                      :  No
  Ignore I/O Paths                           :  No
  Timing Early Launch at Borrowing Latches   :  No
  Borrow Time for Max Delay Exceptions       :  Yes
  Merge Timing Exceptions                    :  Yes
  Inter-SLR Compensation                     :  Conservative

  Corner  Analyze    Analyze    
  Name    Max Paths  Min Paths  
  ------  ---------  ---------  
  Slow    Yes        Yes        
  Fast    Yes        Yes        


------------------------------------------------------------------------------------------------
| Report Methodology
| ------------------
------------------------------------------------------------------------------------------------

No report available as report_methodology has not been run prior. Run report_methodology on the current design for the summary of methodology violations.



check_timing report

Table of Contents
-----------------
1. checking no_clock (0)
2. checking constant_clock (0)
3. checking pulse_width_clock (0)
4. checking unconstrained_internal_endpoints (0)
5. checking no_input_delay (0)
6. checking no_output_delay (0)
7. checking multiple_clock (0)
8. checking generated_clocks (0)
9. checking loops (0)
10. checking partial_input_delay (0)
11. checking partial_output_delay (0)
12. checking latch_loops (0)

1. checking no_clock (0)
------------------------
 There are 0 register/latch pins with no clock.


2. checking constant_clock (0)
------------------------------
 There are 0 register/latch pins with constant_clock.


3. checking pulse_width_clock (0)
---------------------------------
 There are 0 register/latch pins which need pulse_width check


4. checking unconstrained_internal_endpoints (0)
------------------------------------------------
 There are 0 pins that are not constrained for maximum delay.

 There are 0 pins that are not constrained for maximum delay due to constant clock.


5. checking no_input_delay (0)
------------------------------
 There are 0 input ports with no input delay specified.

 There are 0 input ports with no input delay but user has a false path constraint.


6. checking no_output_delay (0)
-------------------------------
 There are 0 ports with no output delay specified.

 There are 0 ports with no output delay but user has a false path constraint

 There are 0 ports with no output delay but with a timing clock defined on it or propagating through it


7. checking multiple_clock (0)
------------------------------
 There are 0 register/latch pins with multiple clocks.


8. checking generated_clocks (0)
--------------------------------
 There are 0 generated clocks that are not connected to a clock source.


9. checking loops (0)
---------------------
 There are 0 combinational loops in the design.


10. checking partial_input_delay (0)
------------------------------------
 There are 0 input ports with partial input delay specified.


11. checking partial_output_delay (0)
-------------------------------------
 There are 0 ports with partial output delay specified.


12. checking latch_loops (0)
----------------------------
 There are 0 combinational latch loops in the design through latch input



------------------------------------------------------------------------------------------------
| Design Timing Summary
| ---------------------
------------------------------------------------------------------------------------------------

    WNS(ns)      TNS(ns)  TNS Failing Endpoints  TNS Total Endpoints      WHS(ns)      THS(ns)  THS Failing Endpoints  THS Total Endpoints     WPWS(ns)     TPWS(ns)  TPWS Failing Endpoints  TPWS Total Endpoints  
    -------      -------  ---------------------  -------------------      -------      -------  ---------------------  -------------------     --------     --------  ----------------------  --------------------  
      0.172        0.000                      0                21446        0.028        0.000                      0                21290        1.750        0.000                       0                  6833  


All user specified timing constraints are met.


------------------------------------------------------------------------------------------------
| Clock Summary
| -------------
------------------------------------------------------------------------------------------------

Clock       Waveform(ns)         Period(ns)      Frequency(MHz)
-----       ------------         ----------      --------------
clk_fpga_0  {0.000 5.000}        10.000          100.000         
clk_fpga_1  {0.000 3.000}        6.000           166.667         


------------------------------------------------------------------------------------------------
| Intra Clock Table
| -----------------
------------------------------------------------------------------------------------------------

Clock             WNS(ns)      TNS(ns)  TNS Failing Endpoints  TNS Total Endpoints      WHS(ns)      THS(ns)  THS Failing Endpoints  THS Total Endpoints     WPWS(ns)     TPWS(ns)  TPWS Failing Endpoints  TPWS Total Endpoints  
-----             -------      -------  ---------------------  -------------------      -------      -------  ---------------------  -------------------     --------     --------  ----------------------  --------------------  
clk_fpga_0          2.119        0.000                      0                 3867        0.064        0.000                      0                 3867        3.750        0.000                       0                  1572  
clk_fpga_1          0.172        0.000                      0                17423        0.028        0.000                      0                17423        1.750        0.000                       0                  5261  


------------------------------------------------------------------------------------------------
| Inter Clock Table
| -----------------
------------------------------------------------------------------------------------------------

From Clock    To Clock          WNS(ns)      TNS(ns)  TNS Failing Endpoints  TNS Total Endpoints      WHS(ns)      THS(ns)  THS Failing Endpoints  THS Total Endpoints  
----------    --------          -------      -------  ---------------------  -------------------      -------      -------  ---------------------  -------------------  
clk_fpga_1    clk_fpga_0          2.980        0.000                      0                  267                                                                        
clk_fpga_0    clk_fpga_1          4.723        0.000                      0                  158                                                                        


------------------------------------------------------------------------------------------------
| Other Path Groups Table
| -----------------------
------------------------------------------------------------------------------------------------

Path Group    From Clock    To Clock          WNS(ns)      TNS(ns)  TNS Failing Endpoints  TNS Total Endpoints      WHS(ns)      THS(ns)  THS Failing Endpoints  THS Total Endpoints  
----------    ----------    --------          -------      -------  ---------------------  -------------------      -------      -------  ---------------------  -------------------  


------------------------------------------------------------------------------------------------
| User Ignored Path Table
| -----------------------
------------------------------------------------------------------------------------------------

Path Group    From Clock    To Clock    
----------    ----------    --------    
(none)                      clk_fpga_0    
(none)        clk_fpga_0    clk_fpga_0    
(none)        clk_fpga_1    clk_fpga_0    
(none)                      clk_fpga_1    
(none)        clk_fpga_0    clk_fpga_1    
(none)        clk_fpga_1    clk_fpga_1    


------------------------------------------------------------------------------------------------
| Unconstrained Path Table
| ------------------------
------------------------------------------------------------------------------------------------

Path Group    From Clock    To Clock    
----------    ----------    --------    


------------------------------------------------------------------------------------------------
| Timing Details
| --------------
------------------------------------------------------------------------------------------------


---------------------------------------------------------------------------------------------------
From Clock:  clk_fpga_0
  To Clock:  clk_fpga_0

Setup :            0  Failing Endpoints,  Worst Slack        2.119ns,  Total Violation        0.000ns
Hold  :            0  Failing Endpoints,  Worst Slack        0.064ns,  Total Violation        0.000ns
PW    :            0  Failing Endpoints,  Worst Slack        3.750ns,  Total Violation        0.000ns
---------------------------------------------------------------------------------------------------


Max Delay Paths
--------------------------------------------------------------------------------------
Slack (MET) :             2.119ns  (required time - arrival time)
  Source:                 <hidden>
                            (rising edge-triggered cell FDRE clocked by clk_fpga_0  {rise@0.000ns fall@5.000ns period=10.000ns})
  Destination:            <hidden>
                            (rising edge-triggered cell FDRE clocked by clk_fpga_0  {rise@0.000ns fall@5.000ns period=10.000ns})
  Path Group:             clk_fpga_0
  Path Type:              Setup (Max at Slow Process Corner)
  Requirement:            10.000ns  (clk_fpga_0 rise@10.000ns - clk_fpga_0 rise@0.000ns)
  Data Path Delay:        7.414ns  (logic 0.766ns (10.332%)  route 6.648ns (89.668%))
  Logic Levels:           2  (LUT3=2)
  Clock Path Skew:        -0.108ns (DCD - SCD + CPR)
    Destination Clock Delay (DCD):    2.743ns = ( 12.743 - 10.000 ) 
    Source Clock Delay      (SCD):    2.980ns
    Clock Pessimism Removal (CPR):    0.130ns
  Clock Uncertainty:      0.154ns  ((TSJ^2 + TIJ^2)^1/2 + DJ) / 2 + PE
    Total System Jitter     (TSJ):    0.071ns
    Total Input Jitter      (TIJ):    0.300ns
    Discrete Jitter          (DJ):    0.000ns
    Phase Error              (PE):    0.000ns

    Location             Delay type                Incr(ns)  Path(ns)    Netlist Resource(s)
  -------------------------------------------------------------------    -------------------
                         (clock clk_fpga_0 rise edge)
                                                      0.000     0.000 r  
    PS7_X0Y0             PS7                          0.000     0.000 r  system_i/ps7/inst/PS7_i/FCLKCLK[0]
                         net (fo=1, routed)           1.207     1.207    system_i/ps7/inst/FCLK_CLK_unbuffered[0]
    BUFGCTRL_X0Y14       BUFG (Prop_bufg_I_O)         0.101     1.308 r  system_i/ps7/inst/buffer_fclk_clk_0.FCLK_CLK_0_BUFG/O
                         net (fo=1573, routed)        1.672     2.980    <hidden>
    SLICE_X32Y10         FDRE                                         r  <hidden>
  -------------------------------------------------------------------    -------------------
    SLICE_X32Y10         FDRE (Prop_fdre_C_Q)         0.518     3.498 f  <hidden>
                         net (fo=80, routed)          2.666     6.164    <hidden>
    SLICE_X5Y6           LUT3 (Prop_lut3_I1_O)        0.124     6.288 r  <hidden>
                         net (fo=8, routed)           1.960     8.248    <hidden>
    SLICE_X26Y5          LUT3 (Prop_lut3_I0_O)        0.124     8.372 r  <hidden>
                         net (fo=78, routed)          2.022    10.394    <hidden>
    SLICE_X3Y7           FDRE                                         r  <hidden>
  -------------------------------------------------------------------    -------------------

                         (clock clk_fpga_0 rise edge)
                                                     10.000    10.000 r  
    PS7_X0Y0             PS7                          0.000    10.000 r  system_i/ps7/inst/PS7_i/FCLKCLK[0]
                         net (fo=1, routed)           1.101    11.101    system_i/ps7/inst/FCLK_CLK_unbuffered[0]
    BUFGCTRL_X0Y14       BUFG (Prop_bufg_I_O)         0.091    11.192 r  system_i/ps7/inst/buffer_fclk_clk_0.FCLK_CLK_0_BUFG/O
                         net (fo=1573, routed)        1.550    12.742    <hidden>
    SLICE_X3Y7           FDRE                                         r  <hidden>
                         clock pessimism              0.130    12.872    
                         clock uncertainty           -0.154    12.718    
    SLICE_X3Y7           FDRE (Setup_fdre_C_CE)      -0.205    12.513    <hidden>
  -------------------------------------------------------------------
                         required time                         12.513    
                         arrival time                         -10.394    
  -------------------------------------------------------------------
                         slack                                  2.119    





Min Delay Paths
--------------------------------------------------------------------------------------
Slack (MET) :             0.064ns  (arrival time - required time)
  Source:                 <hidden>
                            (rising edge-triggered cell FDRE clocked by clk_fpga_0  {rise@0.000ns fall@5.000ns period=10.000ns})
  Destination:            <hidden>
                            (rising edge-triggered cell FDRE clocked by clk_fpga_0  {rise@0.000ns fall@5.000ns period=10.000ns})
  Path Group:             clk_fpga_0
  Path Type:              Hold (Min at Fast Process Corner)
  Requirement:            0.000ns  (clk_fpga_0 rise@0.000ns - clk_fpga_0 rise@0.000ns)
  Data Path Delay:        0.373ns  (logic 0.164ns (44.004%)  route 0.209ns (55.996%))
  Logic Levels:           0  
  Clock Path Skew:        0.261ns (DCD - SCD - CPR)
    Destination Clock Delay (DCD):    1.198ns
    Source Clock Delay      (SCD):    0.903ns
    Clock Pessimism Removal (CPR):    0.034ns

    Location             Delay type                Incr(ns)  Path(ns)    Netlist Resource(s)
  -------------------------------------------------------------------    -------------------
                         (clock clk_fpga_0 rise edge)
                                                      0.000     0.000 r  
    PS7_X0Y0             PS7                          0.000     0.000 r  system_i/ps7/inst/PS7_i/FCLKCLK[0]
                         net (fo=1, routed)           0.315     0.315    system_i/ps7/inst/FCLK_CLK_unbuffered[0]
    BUFGCTRL_X0Y14       BUFG (Prop_bufg_I_O)         0.026     0.341 r  system_i/ps7/inst/buffer_fclk_clk_0.FCLK_CLK_0_BUFG/O
                         net (fo=1573, routed)        0.562     0.903    <hidden>
    SLICE_X16Y52         FDRE                                         r  <hidden>
  -------------------------------------------------------------------    -------------------
    SLICE_X16Y52         FDRE (Prop_fdre_C_Q)         0.164     1.067 r  <hidden>
                         net (fo=5, routed)           0.209     1.275    <hidden>
    SLICE_X22Y51         FDRE                                         r  <hidden>
  -------------------------------------------------------------------    -------------------

                         (clock clk_fpga_0 rise edge)
                                                      0.000     0.000 r  
    PS7_X0Y0             PS7                          0.000     0.000 r  system_i/ps7/inst/PS7_i/FCLKCLK[0]
                         net (fo=1, routed)           0.341     0.341    system_i/ps7/inst/FCLK_CLK_unbuffered[0]
    BUFGCTRL_X0Y14       BUFG (Prop_bufg_I_O)         0.029     0.370 r  system_i/ps7/inst/buffer_fclk_clk_0.FCLK_CLK_0_BUFG/O
                         net (fo=1573, routed)        0.828     1.198    <hidden>
    SLICE_X22Y51         FDRE                                         r  <hidden>
                         clock pessimism             -0.034     1.164    
    SLICE_X22Y51         FDRE (Hold_fdre_C_D)         0.047     1.211    <hidden>
  -------------------------------------------------------------------
                         required time                         -1.211    
                         arrival time                           1.275    
  -------------------------------------------------------------------
                         slack                                  0.064    





Pulse Width Checks
--------------------------------------------------------------------------------------
Clock Name:         clk_fpga_0
Waveform(ns):       { 0.000 5.000 }
Period(ns):         10.000
Sources:            { system_i/ps7/inst/PS7_i/FCLKCLK[0] }

Check Type        Corner  Lib Pin     Reference Pin  Required(ns)  Actual(ns)  Slack(ns)  Location        Pin
Min Period        n/a     BUFG/I      n/a            2.155         10.000      7.845      BUFGCTRL_X0Y14  system_i/ps7/inst/buffer_fclk_clk_0.FCLK_CLK_0_BUFG/I
Low Pulse Width   Slow    RAMD32/CLK  n/a            1.250         5.000       3.750      SLICE_X38Y2     <hidden>
High Pulse Width  Slow    RAMD32/CLK  n/a            1.250         5.000       3.750      SLICE_X38Y2     <hidden>



---------------------------------------------------------------------------------------------------
From Clock:  clk_fpga_1
  To Clock:  clk_fpga_1

Setup :            0  Failing Endpoints,  Worst Slack        0.172ns,  Total Violation        0.000ns
Hold  :            0  Failing Endpoints,  Worst Slack        0.028ns,  Total Violation        0.000ns
PW    :            0  Failing Endpoints,  Worst Slack        1.750ns,  Total Violation        0.000ns
---------------------------------------------------------------------------------------------------


Max Delay Paths
--------------------------------------------------------------------------------------
Slack (MET) :             0.172ns  (required time - arrival time)
  Source:                 system_i/accelerator/inst/core/engine/state_reg[5]/C
                            (rising edge-triggered cell FDRE clocked by clk_fpga_1  {rise@0.000ns fall@3.000ns period=6.000ns})
  Destination:            system_i/accelerator/inst/core/engine/state_reg[23]/D
                            (rising edge-triggered cell FDRE clocked by clk_fpga_1  {rise@0.000ns fall@3.000ns period=6.000ns})
  Path Group:             clk_fpga_1
  Path Type:              Setup (Max at Slow Process Corner)
  Requirement:            6.000ns  (clk_fpga_1 rise@6.000ns - clk_fpga_1 rise@0.000ns)
  Data Path Delay:        5.675ns  (logic 1.565ns (27.575%)  route 4.110ns (72.425%))
  Logic Levels:           6  (LUT2=1 LUT4=1 LUT5=2 LUT6=2)
  Clock Path Skew:        -0.013ns (DCD - SCD + CPR)
    Destination Clock Delay (DCD):    2.683ns = ( 8.684 - 6.000 ) 
    Source Clock Delay      (SCD):    2.962ns
    Clock Pessimism Removal (CPR):    0.266ns
  Clock Uncertainty:      0.097ns  ((TSJ^2 + TIJ^2)^1/2 + DJ) / 2 + PE
    Total System Jitter     (TSJ):    0.071ns
    Total Input Jitter      (TIJ):    0.180ns
    Discrete Jitter          (DJ):    0.000ns
    Phase Error              (PE):    0.000ns

    Location             Delay type                Incr(ns)  Path(ns)    Netlist Resource(s)
  -------------------------------------------------------------------    -------------------
                         (clock clk_fpga_1 rise edge)
                                                      0.000     0.000 r  
    PS7_X0Y0             PS7                          0.000     0.000 r  system_i/ps7/inst/PS7_i/FCLKCLK[1]
                         net (fo=1, routed)           1.207     1.207    system_i/ps7/inst/FCLK_CLK_unbuffered[1]
    BUFGCTRL_X0Y15       BUFG (Prop_bufg_I_O)         0.101     1.308 r  system_i/ps7/inst/buffer_fclk_clk_1.FCLK_CLK_1_BUFG/O
                         net (fo=5260, routed)        1.654     2.962    system_i/accelerator/inst/core/engine/clk
    SLICE_X31Y25         FDRE                                         r  system_i/accelerator/inst/core/engine/state_reg[5]/C
  -------------------------------------------------------------------    -------------------
    SLICE_X31Y25         FDRE (Prop_fdre_C_Q)         0.419     3.381 f  system_i/accelerator/inst/core/engine/state_reg[5]/Q
                         net (fo=45, routed)          0.730     4.111    system_i/accelerator/inst/core/engine/p_21_in
    SLICE_X27Y31         LUT2 (Prop_lut2_I0_O)        0.296     4.407 f  system_i/accelerator/inst/core/engine/state[7]_i_2/O
                         net (fo=7, routed)           0.462     4.869    system_i/accelerator/inst/core/engine/state[7]_i_2_n_0
    SLICE_X29Y32         LUT6 (Prop_lut6_I0_O)        0.124     4.993 r  system_i/accelerator/inst/core/engine/state[16]_i_2/O
                         net (fo=8, routed)           0.631     5.624    system_i/accelerator/inst/core/engine/state[16]_i_2_n_0
    SLICE_X30Y32         LUT5 (Prop_lut5_I4_O)        0.150     5.774 f  system_i/accelerator/inst/core/engine/state[26]_i_4/O
                         net (fo=6, routed)           0.721     6.495    system_i/accelerator/inst/core/engine/state[26]_i_4_n_0
    SLICE_X30Y33         LUT4 (Prop_lut4_I3_O)        0.328     6.823 r  system_i/accelerator/inst/core/engine/state[17]_i_2/O
                         net (fo=3, routed)           0.614     7.437    system_i/accelerator/inst/core/engine/state[17]_i_2_n_0
    SLICE_X30Y32         LUT6 (Prop_lut6_I0_O)        0.124     7.561 f  system_i/accelerator/inst/core/engine/state[23]_i_2/O
                         net (fo=1, routed)           0.621     8.183    system_i/accelerator/inst/core/engine/state[23]_i_2_n_0
    SLICE_X30Y31         LUT5 (Prop_lut5_I0_O)        0.124     8.307 r  system_i/accelerator/inst/core/engine/state[23]_i_1/O
                         net (fo=1, routed)           0.331     8.637    system_i/accelerator/inst/core/engine/state[23]_i_1_n_0
    SLICE_X31Y32         FDRE                                         r  system_i/accelerator/inst/core/engine/state_reg[23]/D
  -------------------------------------------------------------------    -------------------

                         (clock clk_fpga_1 rise edge)
                                                      6.000     6.000 r  
    PS7_X0Y0             PS7                          0.000     6.000 r  system_i/ps7/inst/PS7_i/FCLKCLK[1]
                         net (fo=1, routed)           1.101     7.101    system_i/ps7/inst/FCLK_CLK_unbuffered[1]
    BUFGCTRL_X0Y15       BUFG (Prop_bufg_I_O)         0.091     7.192 r  system_i/ps7/inst/buffer_fclk_clk_1.FCLK_CLK_1_BUFG/O
                         net (fo=5260, routed)        1.491     8.684    system_i/accelerator/inst/core/engine/clk
    SLICE_X31Y32         FDRE                                         r  system_i/accelerator/inst/core/engine/state_reg[23]/C
                         clock pessimism              0.266     8.949    
                         clock uncertainty           -0.097     8.852    
    SLICE_X31Y32         FDRE (Setup_fdre_C_D)       -0.043     8.809    system_i/accelerator/inst/core/engine/state_reg[23]
  -------------------------------------------------------------------
                         required time                          8.809    
                         arrival time                          -8.637    
  -------------------------------------------------------------------
                         slack                                  0.172    





Min Delay Paths
--------------------------------------------------------------------------------------
Slack (MET) :             0.028ns  (arrival time - required time)
  Source:                 system_i/accelerator/inst/core/config_regs_reg[19][19]/C
                            (rising edge-triggered cell FDRE clocked by clk_fpga_1  {rise@0.000ns fall@3.000ns period=6.000ns})
  Destination:            system_i/accelerator/inst/core/engine/amin_reg[3]/D
                            (rising edge-triggered cell FDRE clocked by clk_fpga_1  {rise@0.000ns fall@3.000ns period=6.000ns})
  Path Group:             clk_fpga_1
  Path Type:              Hold (Min at Fast Process Corner)
  Requirement:            0.000ns  (clk_fpga_1 rise@0.000ns - clk_fpga_1 rise@0.000ns)
  Data Path Delay:        0.352ns  (logic 0.141ns (40.083%)  route 0.211ns (59.917%))
  Logic Levels:           0  
  Clock Path Skew:        0.260ns (DCD - SCD - CPR)
    Destination Clock Delay (DCD):    1.190ns
    Source Clock Delay      (SCD):    0.896ns
    Clock Pessimism Removal (CPR):    0.034ns

    Location             Delay type                Incr(ns)  Path(ns)    Netlist Resource(s)
  -------------------------------------------------------------------    -------------------
                         (clock clk_fpga_1 rise edge)
                                                      0.000     0.000 r  
    PS7_X0Y0             PS7                          0.000     0.000 r  system_i/ps7/inst/PS7_i/FCLKCLK[1]
                         net (fo=1, routed)           0.315     0.315    system_i/ps7/inst/FCLK_CLK_unbuffered[1]
    BUFGCTRL_X0Y15       BUFG (Prop_bufg_I_O)         0.026     0.341 r  system_i/ps7/inst/buffer_fclk_clk_1.FCLK_CLK_1_BUFG/O
                         net (fo=5260, routed)        0.555     0.896    system_i/accelerator/inst/core/clk
    SLICE_X21Y33         FDRE                                         r  system_i/accelerator/inst/core/config_regs_reg[19][19]/C
  -------------------------------------------------------------------    -------------------
    SLICE_X21Y33         FDRE (Prop_fdre_C_Q)         0.141     1.037 r  system_i/accelerator/inst/core/config_regs_reg[19][19]/Q
                         net (fo=2, routed)           0.211     1.247    system_i/accelerator/inst/core/engine/amax_reg[7]_0[19]
    SLICE_X24Y32         FDRE                                         r  system_i/accelerator/inst/core/engine/amin_reg[3]/D
  -------------------------------------------------------------------    -------------------

                         (clock clk_fpga_1 rise edge)
                                                      0.000     0.000 r  
    PS7_X0Y0             PS7                          0.000     0.000 r  system_i/ps7/inst/PS7_i/FCLKCLK[1]
                         net (fo=1, routed)           0.341     0.341    system_i/ps7/inst/FCLK_CLK_unbuffered[1]
    BUFGCTRL_X0Y15       BUFG (Prop_bufg_I_O)         0.029     0.370 r  system_i/ps7/inst/buffer_fclk_clk_1.FCLK_CLK_1_BUFG/O
                         net (fo=5260, routed)        0.820     1.190    system_i/accelerator/inst/core/engine/clk
    SLICE_X24Y32         FDRE                                         r  system_i/accelerator/inst/core/engine/amin_reg[3]/C
                         clock pessimism             -0.034     1.156    
    SLICE_X24Y32         FDRE (Hold_fdre_C_D)         0.063     1.219    system_i/accelerator/inst/core/engine/amin_reg[3]
  -------------------------------------------------------------------
                         required time                         -1.219    
                         arrival time                           1.247    
  -------------------------------------------------------------------
                         slack                                  0.028    





Pulse Width Checks
--------------------------------------------------------------------------------------
Clock Name:         clk_fpga_1
Waveform(ns):       { 0.000 3.000 }
Period(ns):         6.000
Sources:            { system_i/ps7/inst/PS7_i/FCLKCLK[1] }

Check Type        Corner  Lib Pin      Reference Pin  Required(ns)  Actual(ns)  Slack(ns)  Location      Pin
Min Period        n/a     DSP48E1/CLK  n/a            3.884         6.000       2.116      DSP48_X0Y7    system_i/accelerator/inst/core/engine/column_offset_reg/CLK
Low Pulse Width   Slow    RAMD32/CLK   n/a            1.250         3.000       1.750      SLICE_X30Y47  system_i/accelerator/inst/core/engine/abank[0].d_bank[0].ram_reg_0_15_0_5/RAMA/CLK
High Pulse Width  Slow    RAMD32/CLK   n/a            1.250         3.000       1.750      SLICE_X30Y47  system_i/accelerator/inst/core/engine/abank[0].d_bank[0].ram_reg_0_15_0_5/RAMA/CLK



---------------------------------------------------------------------------------------------------
From Clock:  clk_fpga_1
  To Clock:  clk_fpga_0

Setup :            0  Failing Endpoints,  Worst Slack        2.980ns,  Total Violation        0.000ns
Hold  :           NA  Failing Endpoints,  Worst Slack           NA  ,  Total Violation           NA
---------------------------------------------------------------------------------------------------


Max Delay Paths
--------------------------------------------------------------------------------------
Slack (MET) :             2.980ns  (required time - arrival time)
  Source:                 <hidden>
                            (rising edge-triggered cell RAMD32 clocked by clk_fpga_1  {rise@0.000ns fall@3.000ns period=6.000ns})
  Destination:            <hidden>
                            (rising edge-triggered cell FDRE clocked by clk_fpga_0  {rise@0.000ns fall@5.000ns period=10.000ns})
  Path Group:             clk_fpga_0
  Path Type:              Setup (Max at Slow Process Corner)
  Requirement:            6.000ns  (MaxDelay Path 6.000ns)
  Data Path Delay:        2.769ns  (logic 1.344ns (48.535%)  route 1.425ns (51.465%))
  Logic Levels:           0  
  Timing Exception:       MaxDelay Path 6.000ns -datapath_only

    Location             Delay type                Incr(ns)  Path(ns)    Netlist Resource(s)
  -------------------------------------------------------------------    -------------------
    SLICE_X20Y5                                       0.000     0.000 r  <hidden>
    SLICE_X20Y5          RAMD32 (Prop_ramd32_CLK_O)
                                                      1.344     1.344 r  <hidden>
                         net (fo=1, routed)           1.425     2.769    <hidden>
    SLICE_X5Y5           FDRE                                         r  <hidden>
  -------------------------------------------------------------------    -------------------

                         max delay                    6.000     6.000    
    SLICE_X5Y5           FDRE (Setup_fdre_C_D)       -0.251     5.749    <hidden>
  -------------------------------------------------------------------
                         required time                          5.749    
                         arrival time                          -2.769    
  -------------------------------------------------------------------
                         slack                                  2.980    





---------------------------------------------------------------------------------------------------
From Clock:  clk_fpga_0
  To Clock:  clk_fpga_1

Setup :            0  Failing Endpoints,  Worst Slack        4.723ns,  Total Violation        0.000ns
Hold  :           NA  Failing Endpoints,  Worst Slack           NA  ,  Total Violation           NA
---------------------------------------------------------------------------------------------------


Max Delay Paths
--------------------------------------------------------------------------------------
Slack (MET) :             4.723ns  (required time - arrival time)
  Source:                 <hidden>
                            (rising edge-triggered cell FDRE clocked by clk_fpga_0  {rise@0.000ns fall@5.000ns period=10.000ns})
  Destination:            <hidden>
                            (rising edge-triggered cell FDRE clocked by clk_fpga_1  {rise@0.000ns fall@3.000ns period=6.000ns})
  Path Group:             clk_fpga_1
  Path Type:              Setup (Max at Slow Process Corner)
  Requirement:            6.000ns  (MaxDelay Path 6.000ns)
  Data Path Delay:        1.058ns  (logic 0.419ns (39.591%)  route 0.639ns (60.409%))
  Logic Levels:           0  
  Timing Exception:       MaxDelay Path 6.000ns -datapath_only

    Location             Delay type                Incr(ns)  Path(ns)    Netlist Resource(s)
  -------------------------------------------------------------------    -------------------
    SLICE_X22Y45                                      0.000     0.000 r  <hidden>
    SLICE_X22Y45         FDRE (Prop_fdre_C_Q)         0.419     0.419 r  <hidden>
                         net (fo=1, routed)           0.639     1.058    <hidden>
    SLICE_X23Y44         FDRE                                         r  <hidden>
  -------------------------------------------------------------------    -------------------

                         max delay                    6.000     6.000    
    SLICE_X23Y44         FDRE (Setup_fdre_C_D)       -0.219     5.781    <hidden>
  -------------------------------------------------------------------
                         required time                          5.781    
                         arrival time                          -1.058    
  -------------------------------------------------------------------
                         slack                                  4.723    





--------------------------------------------------------------------------------------
Path Group:  (none)
From Clock:  
  To Clock:  clk_fpga_0

Max Delay             1 Endpoint
Min Delay             1 Endpoint
--------------------------------------------------------------------------------------


Max Delay Paths
--------------------------------------------------------------------------------------
Slack:                    inf
  Source:                 system_i/ps7/inst/PS7_i/FCLKRESETN[0]
                            (internal pin)
  Destination:            system_i/rst_bus/U0/EXT_LPF/ACTIVE_LOW_EXT.ACT_LO_EXT/syncstages_ff_reg[0]/D
                            (rising edge-triggered cell FDRE clocked by clk_fpga_0  {rise@0.000ns fall@5.000ns period=10.000ns})
  Path Group:             (none)
  Path Type:              Setup (Max at Slow Process Corner)
  Data Path Delay:        3.203ns  (logic 0.152ns (4.745%)  route 3.051ns (95.255%))
  Logic Levels:           1  (LUT1=1)
  Clock Uncertainty:      0.152ns  ((TSJ^2 + TIJ^2)^1/2 + DJ) / 2 + PE
    Total System Jitter     (TSJ):    0.050ns
    Total Input Jitter      (TIJ):    0.300ns
    Discrete Jitter          (DJ):    0.000ns
    Phase Error              (PE):    0.000ns
  Timing Exception:       False Path

    Location             Delay type                Incr(ns)  Path(ns)    Netlist Resource(s)
  -------------------------------------------------------------------    -------------------
    PS7_X0Y0             PS7                          0.000     0.000 f  system_i/ps7/inst/PS7_i/FCLKRESETN[0]
                         net (fo=2, routed)           2.438     2.438    system_i/rst_bus/U0/EXT_LPF/ext_reset_in
    SLICE_X39Y39         LUT1 (Prop_lut1_I0_O)        0.152     2.590 r  system_i/rst_bus/U0/EXT_LPF/ACTIVE_LOW_EXT.ACT_LO_EXT_i_1/O
                         net (fo=1, routed)           0.613     3.203    system_i/rst_bus/U0/EXT_LPF/ACTIVE_LOW_EXT.ACT_LO_EXT/src_in
    SLICE_X40Y43         FDRE                                         r  system_i/rst_bus/U0/EXT_LPF/ACTIVE_LOW_EXT.ACT_LO_EXT/syncstages_ff_reg[0]/D
  -------------------------------------------------------------------    -------------------

                         (clock clk_fpga_0 rise edge)
                                                      0.000     0.000 r  
    PS7_X0Y0             PS7                          0.000     0.000 r  system_i/ps7/inst/PS7_i/FCLKCLK[0]
                         net (fo=1, routed)           1.101     1.101    system_i/ps7/inst/FCLK_CLK_unbuffered[0]
    BUFGCTRL_X0Y14       BUFG (Prop_bufg_I_O)         0.091     1.192 r  system_i/ps7/inst/buffer_fclk_clk_0.FCLK_CLK_0_BUFG/O
                         net (fo=1573, routed)        1.576     2.768    system_i/rst_bus/U0/EXT_LPF/ACTIVE_LOW_EXT.ACT_LO_EXT/dest_clk
    SLICE_X40Y43         FDRE                                         r  system_i/rst_bus/U0/EXT_LPF/ACTIVE_LOW_EXT.ACT_LO_EXT/syncstages_ff_reg[0]/C





Min Delay Paths
--------------------------------------------------------------------------------------
Slack:                    inf
  Source:                 system_i/ps7/inst/PS7_i/FCLKRESETN[0]
                            (internal pin)
  Destination:            system_i/rst_bus/U0/EXT_LPF/ACTIVE_LOW_EXT.ACT_LO_EXT/syncstages_ff_reg[0]/D
                            (rising edge-triggered cell FDRE clocked by clk_fpga_0  {rise@0.000ns fall@5.000ns period=10.000ns})
  Path Group:             (none)
  Path Type:              Hold (Min at Fast Process Corner)
  Data Path Delay:        1.366ns  (logic 0.044ns (3.220%)  route 1.322ns (96.780%))
  Logic Levels:           1  (LUT1=1)
  Clock Uncertainty:      0.152ns  ((TSJ^2 + TIJ^2)^1/2 + DJ) / 2 + PE
    Total System Jitter     (TSJ):    0.050ns
    Total Input Jitter      (TIJ):    0.300ns
    Discrete Jitter          (DJ):    0.000ns
    Phase Error              (PE):    0.000ns
  Timing Exception:       False Path

    Location             Delay type                Incr(ns)  Path(ns)    Netlist Resource(s)
  -------------------------------------------------------------------    -------------------
    PS7_X0Y0             PS7                          0.000     0.000 f  system_i/ps7/inst/PS7_i/FCLKRESETN[0]
                         net (fo=2, routed)           1.085     1.085    system_i/rst_bus/U0/EXT_LPF/ext_reset_in
    SLICE_X39Y39         LUT1 (Prop_lut1_I0_O)        0.044     1.129 r  system_i/rst_bus/U0/EXT_LPF/ACTIVE_LOW_EXT.ACT_LO_EXT_i_1/O
                         net (fo=1, routed)           0.237     1.366    system_i/rst_bus/U0/EXT_LPF/ACTIVE_LOW_EXT.ACT_LO_EXT/src_in
    SLICE_X40Y43         FDRE                                         r  system_i/rst_bus/U0/EXT_LPF/ACTIVE_LOW_EXT.ACT_LO_EXT/syncstages_ff_reg[0]/D
  -------------------------------------------------------------------    -------------------

                         (clock clk_fpga_0 rise edge)
                                                      0.000     0.000 r  
    PS7_X0Y0             PS7                          0.000     0.000 r  system_i/ps7/inst/PS7_i/FCLKCLK[0]
                         net (fo=1, routed)           0.341     0.341    system_i/ps7/inst/FCLK_CLK_unbuffered[0]
    BUFGCTRL_X0Y14       BUFG (Prop_bufg_I_O)         0.029     0.370 r  system_i/ps7/inst/buffer_fclk_clk_0.FCLK_CLK_0_BUFG/O
                         net (fo=1573, routed)        0.861     1.231    system_i/rst_bus/U0/EXT_LPF/ACTIVE_LOW_EXT.ACT_LO_EXT/dest_clk
    SLICE_X40Y43         FDRE                                         r  system_i/rst_bus/U0/EXT_LPF/ACTIVE_LOW_EXT.ACT_LO_EXT/syncstages_ff_reg[0]/C





--------------------------------------------------------------------------------------
Path Group:  (none)
From Clock:  clk_fpga_0
  To Clock:  clk_fpga_0

Max Delay            48 Endpoints
Min Delay            48 Endpoints
--------------------------------------------------------------------------------------


Max Delay Paths
--------------------------------------------------------------------------------------
Slack:                    inf
  Source:                 system_i/rst_bus/U0/ACTIVE_LOW_PR_OUT_DFF[0].FDRE_PER_N/C
                            (rising edge-triggered cell FDRE clocked by clk_fpga_0  {rise@0.000ns fall@5.000ns period=10.000ns})
  Destination:            system_i/sc_hp/inst/clk_map/psr_aclk1/U0/EXT_LPF/ACTIVE_LOW_AUX.ACT_LO_AUX/syncstages_ff_reg[0]/D
                            (rising edge-triggered cell FDRE clocked by clk_fpga_0  {rise@0.000ns fall@5.000ns period=10.000ns})
  Path Group:             (none)
  Path Type:              Setup (Max at Slow Process Corner)
  Data Path Delay:        3.335ns  (logic 0.606ns (18.170%)  route 2.729ns (81.830%))
  Logic Levels:           1  (LUT1=1)
  Clock Path Skew:        -0.292ns (DCD - SCD + CPR)
    Destination Clock Delay (DCD):    2.766ns
    Source Clock Delay      (SCD):    3.059ns
    Clock Pessimism Removal (CPR):    0.000ns
  Clock Uncertainty:      0.154ns  ((TSJ^2 + TIJ^2)^1/2 + DJ) / 2 + PE
    Total System Jitter     (TSJ):    0.071ns
    Total Input Jitter      (TIJ):    0.300ns
    Discrete Jitter          (DJ):    0.000ns
    Phase Error              (PE):    0.000ns
  Timing Exception:       False Path

    Location             Delay type                Incr(ns)  Path(ns)    Netlist Resource(s)
  -------------------------------------------------------------------    -------------------
                         (clock clk_fpga_0 rise edge)
                                                      0.000     0.000 r  
    PS7_X0Y0             PS7                          0.000     0.000 r  system_i/ps7/inst/PS7_i/FCLKCLK[0]
                         net (fo=1, routed)           1.207     1.207    system_i/ps7/inst/FCLK_CLK_unbuffered[0]
    BUFGCTRL_X0Y14       BUFG (Prop_bufg_I_O)         0.101     1.308 r  system_i/ps7/inst/buffer_fclk_clk_0.FCLK_CLK_0_BUFG/O
                         net (fo=1573, routed)        1.751     3.059    system_i/rst_bus/U0/slowest_sync_clk
    SLICE_X39Y42         FDRE                                         r  system_i/rst_bus/U0/ACTIVE_LOW_PR_OUT_DFF[0].FDRE_PER_N/C
  -------------------------------------------------------------------    -------------------
    SLICE_X39Y42         FDRE (Prop_fdre_C_Q)         0.456     3.515 f  system_i/rst_bus/U0/ACTIVE_LOW_PR_OUT_DFF[0].FDRE_PER_N/Q
                         net (fo=2, routed)           1.550     5.065    system_i/sc_hp/inst/clk_map/psr_aclk/U0/EXT_LPF/aresetn
    SLICE_X40Y20         LUT1 (Prop_lut1_I0_O)        0.150     5.215 r  system_i/sc_hp/inst/clk_map/psr_aclk/U0/EXT_LPF/ACTIVE_LOW_AUX.ACT_LO_AUX_i_1/O
                         net (fo=3, routed)           1.179     6.394    system_i/sc_hp/inst/clk_map/psr_aclk1/U0/EXT_LPF/ACTIVE_LOW_AUX.ACT_LO_AUX/src_in
    SLICE_X43Y9          FDRE                                         r  system_i/sc_hp/inst/clk_map/psr_aclk1/U0/EXT_LPF/ACTIVE_LOW_AUX.ACT_LO_AUX/syncstages_ff_reg[0]/D
  -------------------------------------------------------------------    -------------------

                         (clock clk_fpga_0 rise edge)
                                                      0.000     0.000 r  
    PS7_X0Y0             PS7                          0.000     0.000 r  system_i/ps7/inst/PS7_i/FCLKCLK[0]
                         net (fo=1, routed)           1.101     1.101    system_i/ps7/inst/FCLK_CLK_unbuffered[0]
    BUFGCTRL_X0Y14       BUFG (Prop_bufg_I_O)         0.091     1.192 r  system_i/ps7/inst/buffer_fclk_clk_0.FCLK_CLK_0_BUFG/O
                         net (fo=1573, routed)        1.574     2.766    system_i/sc_hp/inst/clk_map/psr_aclk1/U0/EXT_LPF/ACTIVE_LOW_AUX.ACT_LO_AUX/dest_clk
    SLICE_X43Y9          FDRE                                         r  system_i/sc_hp/inst/clk_map/psr_aclk1/U0/EXT_LPF/ACTIVE_LOW_AUX.ACT_LO_AUX/syncstages_ff_reg[0]/C





Min Delay Paths
--------------------------------------------------------------------------------------
Slack:                    inf
  Source:                 system_i/sc_hp/inst/clk_map/psr0/U0/ACTIVE_LOW_BSR_OUT_DFF[0].FDRE_BSR_N/C
                            (rising edge-triggered cell FDRE clocked by clk_fpga_0  {rise@0.000ns fall@5.000ns period=10.000ns})
  Destination:            system_i/sc_hp/inst/clk_map/psr_aclk1/U0/EXT_LPF/ACTIVE_LOW_EXT.ACT_LO_EXT/syncstages_ff_reg[0]/D
                            (rising edge-triggered cell FDRE clocked by clk_fpga_0  {rise@0.000ns fall@5.000ns period=10.000ns})
  Path Group:             (none)
  Path Type:              Hold (Min at Fast Process Corner)
  Data Path Delay:        0.555ns  (logic 0.186ns (33.542%)  route 0.369ns (66.458%))
  Logic Levels:           1  (LUT1=1)
  Clock Path Skew:        0.300ns (DCD - SCD - CPR)
    Destination Clock Delay (DCD):    1.229ns
    Source Clock Delay      (SCD):    0.929ns
    Clock Pessimism Removal (CPR):    -0.000ns
  Clock Uncertainty:      0.154ns  ((TSJ^2 + TIJ^2)^1/2 + DJ) / 2 + PE
    Total System Jitter     (TSJ):    0.071ns
    Total Input Jitter      (TIJ):    0.300ns
    Discrete Jitter          (DJ):    0.000ns
    Phase Error              (PE):    0.000ns
  Timing Exception:       False Path

    Location             Delay type                Incr(ns)  Path(ns)    Netlist Resource(s)
  -------------------------------------------------------------------    -------------------
                         (clock clk_fpga_0 rise edge)
                                                      0.000     0.000 r  
    PS7_X0Y0             PS7                          0.000     0.000 r  system_i/ps7/inst/PS7_i/FCLKCLK[0]
                         net (fo=1, routed)           0.315     0.315    system_i/ps7/inst/FCLK_CLK_unbuffered[0]
    BUFGCTRL_X0Y14       BUFG (Prop_bufg_I_O)         0.026     0.341 r  system_i/ps7/inst/buffer_fclk_clk_0.FCLK_CLK_0_BUFG/O
                         net (fo=1573, routed)        0.588     0.929    system_i/sc_hp/inst/clk_map/psr0/U0/aclk1
    SLICE_X43Y14         FDRE                                         r  system_i/sc_hp/inst/clk_map/psr0/U0/ACTIVE_LOW_BSR_OUT_DFF[0].FDRE_BSR_N/C
  -------------------------------------------------------------------    -------------------
    SLICE_X43Y14         FDRE (Prop_fdre_C_Q)         0.141     1.070 f  system_i/sc_hp/inst/clk_map/psr0/U0/ACTIVE_LOW_BSR_OUT_DFF[0].FDRE_BSR_N/Q
                         net (fo=1, routed)           0.195     1.265    system_i/sc_hp/inst/clk_map/psr0/U0/EXT_LPF/psr0_interconnect_aresetn
    SLICE_X43Y12         LUT1 (Prop_lut1_I0_O)        0.045     1.310 r  system_i/sc_hp/inst/clk_map/psr0/U0/EXT_LPF/ACTIVE_LOW_EXT.ACT_LO_EXT_i_1/O
                         net (fo=2, routed)           0.173     1.483    system_i/sc_hp/inst/clk_map/psr_aclk1/U0/EXT_LPF/ACTIVE_LOW_EXT.ACT_LO_EXT/src_in
    SLICE_X43Y10         FDRE                                         r  system_i/sc_hp/inst/clk_map/psr_aclk1/U0/EXT_LPF/ACTIVE_LOW_EXT.ACT_LO_EXT/syncstages_ff_reg[0]/D
  -------------------------------------------------------------------    -------------------

                         (clock clk_fpga_0 rise edge)
                                                      0.000     0.000 r  
    PS7_X0Y0             PS7                          0.000     0.000 r  system_i/ps7/inst/PS7_i/FCLKCLK[0]
                         net (fo=1, routed)           0.341     0.341    system_i/ps7/inst/FCLK_CLK_unbuffered[0]
    BUFGCTRL_X0Y14       BUFG (Prop_bufg_I_O)         0.029     0.370 r  system_i/ps7/inst/buffer_fclk_clk_0.FCLK_CLK_0_BUFG/O
                         net (fo=1573, routed)        0.859     1.229    system_i/sc_hp/inst/clk_map/psr_aclk1/U0/EXT_LPF/ACTIVE_LOW_EXT.ACT_LO_EXT/dest_clk
    SLICE_X43Y10         FDRE                                         r  system_i/sc_hp/inst/clk_map/psr_aclk1/U0/EXT_LPF/ACTIVE_LOW_EXT.ACT_LO_EXT/syncstages_ff_reg[0]/C





--------------------------------------------------------------------------------------
Path Group:  (none)
From Clock:  clk_fpga_1
  To Clock:  clk_fpga_0

Max Delay             5 Endpoints
Min Delay           272 Endpoints
--------------------------------------------------------------------------------------


Max Delay Paths
--------------------------------------------------------------------------------------
Slack:                    inf
  Source:                 <hidden>
                            (rising edge-triggered cell FDRE clocked by clk_fpga_1  {rise@0.000ns fall@3.000ns period=6.000ns})
  Destination:            <hidden>
                            (rising edge-triggered cell FDRE clocked by clk_fpga_0  {rise@0.000ns fall@5.000ns period=10.000ns})
  Path Group:             (none)
  Path Type:              Setup (Max at Slow Process Corner)
  Data Path Delay:        1.561ns  (logic 0.518ns (33.194%)  route 1.043ns (66.806%))
  Logic Levels:           0  
  Clock Path Skew:        -0.295ns (DCD - SCD + CPR)
    Destination Clock Delay (DCD):    2.687ns
    Source Clock Delay      (SCD):    2.982ns
    Clock Pessimism Removal (CPR):    0.000ns
  Clock Uncertainty:      0.178ns  ((TSJ^2 + TIJ^2)^1/2 + DJ) / 2 + PE
    Total System Jitter     (TSJ):    0.071ns
    Total Input Jitter      (TIJ):    0.350ns
    Discrete Jitter          (DJ):    0.000ns
    Phase Error              (PE):    0.000ns
  Timing Exception:       False Path

    Location             Delay type                Incr(ns)  Path(ns)    Netlist Resource(s)
  -------------------------------------------------------------------    -------------------
                         (clock clk_fpga_1 rise edge)
                                                      0.000     0.000 r  
    PS7_X0Y0             PS7                          0.000     0.000 r  system_i/ps7/inst/PS7_i/FCLKCLK[1]
                         net (fo=1, routed)           1.207     1.207    system_i/ps7/inst/FCLK_CLK_unbuffered[1]
    BUFGCTRL_X0Y15       BUFG (Prop_bufg_I_O)         0.101     1.308 r  system_i/ps7/inst/buffer_fclk_clk_1.FCLK_CLK_1_BUFG/O
                         net (fo=5260, routed)        1.674     2.982    <hidden>
    SLICE_X34Y43         FDRE                                         r  <hidden>
  -------------------------------------------------------------------    -------------------
    SLICE_X34Y43         FDRE (Prop_fdre_C_Q)         0.518     3.500 r  <hidden>
                         net (fo=2, routed)           1.043     4.543    <hidden>
    SLICE_X24Y43         FDRE                                         r  <hidden>
  -------------------------------------------------------------------    -------------------

                         (clock clk_fpga_0 rise edge)
                                                      0.000     0.000 r  
    PS7_X0Y0             PS7                          0.000     0.000 r  system_i/ps7/inst/PS7_i/FCLKCLK[0]
                         net (fo=1, routed)           1.101     1.101    system_i/ps7/inst/FCLK_CLK_unbuffered[0]
    BUFGCTRL_X0Y14       BUFG (Prop_bufg_I_O)         0.091     1.192 r  system_i/ps7/inst/buffer_fclk_clk_0.FCLK_CLK_0_BUFG/O
                         net (fo=1573, routed)        1.495     2.687    <hidden>
    SLICE_X24Y43         FDRE                                         r  <hidden>





Min Delay Paths
--------------------------------------------------------------------------------------
Slack:                    inf
  Source:                 <hidden>
                            (rising edge-triggered cell FDRE clocked by clk_fpga_1  {rise@0.000ns fall@3.000ns period=6.000ns})
  Destination:            <hidden>
                            (rising edge-triggered cell FDRE clocked by clk_fpga_0  {rise@0.000ns fall@5.000ns period=10.000ns})
  Path Group:             (none)
  Path Type:              Hold (Min at Fast Process Corner)
  Data Path Delay:        0.300ns  (logic 0.141ns (46.952%)  route 0.159ns (53.048%))
  Logic Levels:           0  
  Clock Path Skew:        0.297ns (DCD - SCD - CPR)
    Destination Clock Delay (DCD):    1.201ns
    Source Clock Delay      (SCD):    0.904ns
    Clock Pessimism Removal (CPR):    -0.000ns
  Clock Uncertainty:      0.178ns  ((TSJ^2 + TIJ^2)^1/2 + DJ) / 2 + PE
    Total System Jitter     (TSJ):    0.071ns
    Total Input Jitter      (TIJ):    0.350ns
    Discrete Jitter          (DJ):    0.000ns
    Phase Error              (PE):    0.000ns
  Timing Exception:       False Path

    Location             Delay type                Incr(ns)  Path(ns)    Netlist Resource(s)
  -------------------------------------------------------------------    -------------------
                         (clock clk_fpga_1 rise edge)
                                                      0.000     0.000 r  
    PS7_X0Y0             PS7                          0.000     0.000 r  system_i/ps7/inst/PS7_i/FCLKCLK[1]
                         net (fo=1, routed)           0.315     0.315    system_i/ps7/inst/FCLK_CLK_unbuffered[1]
    BUFGCTRL_X0Y15       BUFG (Prop_bufg_I_O)         0.026     0.341 r  system_i/ps7/inst/buffer_fclk_clk_1.FCLK_CLK_1_BUFG/O
                         net (fo=5260, routed)        0.563     0.904    <hidden>
    SLICE_X29Y4          FDRE                                         r  <hidden>
  -------------------------------------------------------------------    -------------------
    SLICE_X29Y4          FDRE (Prop_fdre_C_Q)         0.141     1.044 r  <hidden>
                         net (fo=1, routed)           0.159     1.204    <hidden>
    SLICE_X27Y4          FDRE                                         r  <hidden>
  -------------------------------------------------------------------    -------------------

                         (clock clk_fpga_0 rise edge)
                                                      0.000     0.000 r  
    PS7_X0Y0             PS7                          0.000     0.000 r  system_i/ps7/inst/PS7_i/FCLKCLK[0]
                         net (fo=1, routed)           0.341     0.341    system_i/ps7/inst/FCLK_CLK_unbuffered[0]
    BUFGCTRL_X0Y14       BUFG (Prop_bufg_I_O)         0.029     0.370 r  system_i/ps7/inst/buffer_fclk_clk_0.FCLK_CLK_0_BUFG/O
                         net (fo=1573, routed)        0.831     1.201    <hidden>
    SLICE_X27Y4          FDRE                                         r  <hidden>





--------------------------------------------------------------------------------------
Path Group:  (none)
From Clock:  
  To Clock:  clk_fpga_1

Max Delay             1 Endpoint
Min Delay             1 Endpoint
--------------------------------------------------------------------------------------


Max Delay Paths
--------------------------------------------------------------------------------------
Slack:                    inf
  Source:                 system_i/ps7/inst/PS7_i/FCLKRESETN[0]
                            (internal pin)
  Destination:            system_i/rst_core/U0/EXT_LPF/ACTIVE_LOW_EXT.ACT_LO_EXT/syncstages_ff_reg[0]/D
                            (rising edge-triggered cell FDRE clocked by clk_fpga_1  {rise@0.000ns fall@3.000ns period=6.000ns})
  Path Group:             (none)
  Path Type:              Setup (Max at Slow Process Corner)
  Data Path Delay:        2.871ns  (logic 0.124ns (4.318%)  route 2.747ns (95.682%))
  Logic Levels:           1  (LUT1=1)
  Clock Uncertainty:      0.093ns  ((TSJ^2 + TIJ^2)^1/2 + DJ) / 2 + PE
    Total System Jitter     (TSJ):    0.050ns
    Total Input Jitter      (TIJ):    0.180ns
    Discrete Jitter          (DJ):    0.000ns
    Phase Error              (PE):    0.000ns
  Timing Exception:       False Path

    Location             Delay type                Incr(ns)  Path(ns)    Netlist Resource(s)
  -------------------------------------------------------------------    -------------------
    PS7_X0Y0             PS7                          0.000     0.000 f  system_i/ps7/inst/PS7_i/FCLKRESETN[0]
                         net (fo=2, routed)           2.438     2.438    system_i/rst_core/U0/EXT_LPF/ext_reset_in
    SLICE_X39Y39         LUT1 (Prop_lut1_I0_O)        0.124     2.562 r  system_i/rst_core/U0/EXT_LPF/ACTIVE_LOW_EXT.ACT_LO_EXT_i_1/O
                         net (fo=1, routed)           0.309     2.871    system_i/rst_core/U0/EXT_LPF/ACTIVE_LOW_EXT.ACT_LO_EXT/src_in
    SLICE_X40Y39         FDRE                                         r  system_i/rst_core/U0/EXT_LPF/ACTIVE_LOW_EXT.ACT_LO_EXT/syncstages_ff_reg[0]/D
  -------------------------------------------------------------------    -------------------

                         (clock clk_fpga_1 rise edge)
                                                      0.000     0.000 r  
    PS7_X0Y0             PS7                          0.000     0.000 r  system_i/ps7/inst/PS7_i/FCLKCLK[1]
                         net (fo=1, routed)           1.101     1.101    system_i/ps7/inst/FCLK_CLK_unbuffered[1]
    BUFGCTRL_X0Y15       BUFG (Prop_bufg_I_O)         0.091     1.192 r  system_i/ps7/inst/buffer_fclk_clk_1.FCLK_CLK_1_BUFG/O
                         net (fo=5260, routed)        1.574     2.766    system_i/rst_core/U0/EXT_LPF/ACTIVE_LOW_EXT.ACT_LO_EXT/dest_clk
    SLICE_X40Y39         FDRE                                         r  system_i/rst_core/U0/EXT_LPF/ACTIVE_LOW_EXT.ACT_LO_EXT/syncstages_ff_reg[0]/C





Min Delay Paths
--------------------------------------------------------------------------------------
Slack:                    inf
  Source:                 system_i/ps7/inst/PS7_i/FCLKRESETN[0]
                            (internal pin)
  Destination:            system_i/rst_core/U0/EXT_LPF/ACTIVE_LOW_EXT.ACT_LO_EXT/syncstages_ff_reg[0]/D
                            (rising edge-triggered cell FDRE clocked by clk_fpga_1  {rise@0.000ns fall@3.000ns period=6.000ns})
  Path Group:             (none)
  Path Type:              Hold (Min at Fast Process Corner)
  Data Path Delay:        1.248ns  (logic 0.045ns (3.605%)  route 1.203ns (96.395%))
  Logic Levels:           1  (LUT1=1)
  Clock Uncertainty:      0.093ns  ((TSJ^2 + TIJ^2)^1/2 + DJ) / 2 + PE
    Total System Jitter     (TSJ):    0.050ns
    Total Input Jitter      (TIJ):    0.180ns
    Discrete Jitter          (DJ):    0.000ns
    Phase Error              (PE):    0.000ns
  Timing Exception:       False Path

    Location             Delay type                Incr(ns)  Path(ns)    Netlist Resource(s)
  -------------------------------------------------------------------    -------------------
    PS7_X0Y0             PS7                          0.000     0.000 f  system_i/ps7/inst/PS7_i/FCLKRESETN[0]
                         net (fo=2, routed)           1.085     1.085    system_i/rst_core/U0/EXT_LPF/ext_reset_in
    SLICE_X39Y39         LUT1 (Prop_lut1_I0_O)        0.045     1.130 r  system_i/rst_core/U0/EXT_LPF/ACTIVE_LOW_EXT.ACT_LO_EXT_i_1/O
                         net (fo=1, routed)           0.118     1.248    system_i/rst_core/U0/EXT_LPF/ACTIVE_LOW_EXT.ACT_LO_EXT/src_in
    SLICE_X40Y39         FDRE                                         r  system_i/rst_core/U0/EXT_LPF/ACTIVE_LOW_EXT.ACT_LO_EXT/syncstages_ff_reg[0]/D
  -------------------------------------------------------------------    -------------------

                         (clock clk_fpga_1 rise edge)
                                                      0.000     0.000 r  
    PS7_X0Y0             PS7                          0.000     0.000 r  system_i/ps7/inst/PS7_i/FCLKCLK[1]
                         net (fo=1, routed)           0.341     0.341    system_i/ps7/inst/FCLK_CLK_unbuffered[1]
    BUFGCTRL_X0Y15       BUFG (Prop_bufg_I_O)         0.029     0.370 r  system_i/ps7/inst/buffer_fclk_clk_1.FCLK_CLK_1_BUFG/O
                         net (fo=5260, routed)        0.859     1.229    system_i/rst_core/U0/EXT_LPF/ACTIVE_LOW_EXT.ACT_LO_EXT/dest_clk
    SLICE_X40Y39         FDRE                                         r  system_i/rst_core/U0/EXT_LPF/ACTIVE_LOW_EXT.ACT_LO_EXT/syncstages_ff_reg[0]/C





--------------------------------------------------------------------------------------
Path Group:  (none)
From Clock:  clk_fpga_0
  To Clock:  clk_fpga_1

Max Delay             9 Endpoints
Min Delay           167 Endpoints
--------------------------------------------------------------------------------------


Max Delay Paths
--------------------------------------------------------------------------------------
Slack:                    inf
  Source:                 system_i/rst_bus/U0/ACTIVE_LOW_PR_OUT_DFF[0].FDRE_PER_N/C
                            (rising edge-triggered cell FDRE clocked by clk_fpga_0  {rise@0.000ns fall@5.000ns period=10.000ns})
  Destination:            system_i/sc_hp/inst/clk_map/psr_aclk/U0/EXT_LPF/ACTIVE_LOW_AUX.ACT_LO_AUX/syncstages_ff_reg[0]/D
                            (rising edge-triggered cell FDRE clocked by clk_fpga_1  {rise@0.000ns fall@3.000ns period=6.000ns})
  Path Group:             (none)
  Path Type:              Setup (Max at Slow Process Corner)
  Data Path Delay:        3.051ns  (logic 0.606ns (19.863%)  route 2.445ns (80.137%))
  Logic Levels:           1  (LUT1=1)
  Clock Path Skew:        -0.292ns (DCD - SCD + CPR)
    Destination Clock Delay (DCD):    2.766ns
    Source Clock Delay      (SCD):    3.059ns
    Clock Pessimism Removal (CPR):    0.000ns
  Clock Uncertainty:      0.178ns  ((TSJ^2 + TIJ^2)^1/2 + DJ) / 2 + PE
    Total System Jitter     (TSJ):    0.071ns
    Total Input Jitter      (TIJ):    0.350ns
    Discrete Jitter          (DJ):    0.000ns
    Phase Error              (PE):    0.000ns
  Timing Exception:       False Path

    Location             Delay type                Incr(ns)  Path(ns)    Netlist Resource(s)
  -------------------------------------------------------------------    -------------------
                         (clock clk_fpga_0 rise edge)
                                                      0.000     0.000 r  
    PS7_X0Y0             PS7                          0.000     0.000 r  system_i/ps7/inst/PS7_i/FCLKCLK[0]
                         net (fo=1, routed)           1.207     1.207    system_i/ps7/inst/FCLK_CLK_unbuffered[0]
    BUFGCTRL_X0Y14       BUFG (Prop_bufg_I_O)         0.101     1.308 r  system_i/ps7/inst/buffer_fclk_clk_0.FCLK_CLK_0_BUFG/O
                         net (fo=1573, routed)        1.751     3.059    system_i/rst_bus/U0/slowest_sync_clk
    SLICE_X39Y42         FDRE                                         r  system_i/rst_bus/U0/ACTIVE_LOW_PR_OUT_DFF[0].FDRE_PER_N/C
  -------------------------------------------------------------------    -------------------
    SLICE_X39Y42         FDRE (Prop_fdre_C_Q)         0.456     3.515 f  system_i/rst_bus/U0/ACTIVE_LOW_PR_OUT_DFF[0].FDRE_PER_N/Q
                         net (fo=2, routed)           1.550     5.065    system_i/sc_hp/inst/clk_map/psr_aclk/U0/EXT_LPF/aresetn
    SLICE_X40Y20         LUT1 (Prop_lut1_I0_O)        0.150     5.215 r  system_i/sc_hp/inst/clk_map/psr_aclk/U0/EXT_LPF/ACTIVE_LOW_AUX.ACT_LO_AUX_i_1/O
                         net (fo=3, routed)           0.895     6.110    system_i/sc_hp/inst/clk_map/psr_aclk/U0/EXT_LPF/ACTIVE_LOW_AUX.ACT_LO_AUX/src_in
    SLICE_X39Y8          FDRE                                         r  system_i/sc_hp/inst/clk_map/psr_aclk/U0/EXT_LPF/ACTIVE_LOW_AUX.ACT_LO_AUX/syncstages_ff_reg[0]/D
  -------------------------------------------------------------------    -------------------

                         (clock clk_fpga_1 rise edge)
                                                      0.000     0.000 r  
    PS7_X0Y0             PS7                          0.000     0.000 r  system_i/ps7/inst/PS7_i/FCLKCLK[1]
                         net (fo=1, routed)           1.101     1.101    system_i/ps7/inst/FCLK_CLK_unbuffered[1]
    BUFGCTRL_X0Y15       BUFG (Prop_bufg_I_O)         0.091     1.192 r  system_i/ps7/inst/buffer_fclk_clk_1.FCLK_CLK_1_BUFG/O
                         net (fo=5260, routed)        1.574     2.766    system_i/sc_hp/inst/clk_map/psr_aclk/U0/EXT_LPF/ACTIVE_LOW_AUX.ACT_LO_AUX/dest_clk
    SLICE_X39Y8          FDRE                                         r  system_i/sc_hp/inst/clk_map/psr_aclk/U0/EXT_LPF/ACTIVE_LOW_AUX.ACT_LO_AUX/syncstages_ff_reg[0]/C





Min Delay Paths
--------------------------------------------------------------------------------------
Slack:                    inf
  Source:                 <hidden>
                            (rising edge-triggered cell FDRE clocked by clk_fpga_0  {rise@0.000ns fall@5.000ns period=10.000ns})
  Destination:            <hidden>
                            (rising edge-triggered cell FDRE clocked by clk_fpga_1  {rise@0.000ns fall@3.000ns period=6.000ns})
  Path Group:             (none)
  Path Type:              Hold (Min at Fast Process Corner)
  Data Path Delay:        0.207ns  (logic 0.148ns (71.500%)  route 0.059ns (28.500%))
  Logic Levels:           0  
  Clock Path Skew:        0.297ns (DCD - SCD - CPR)
    Destination Clock Delay (DCD):    1.200ns
    Source Clock Delay      (SCD):    0.903ns
    Clock Pessimism Removal (CPR):    -0.000ns
  Clock Uncertainty:      0.178ns  ((TSJ^2 + TIJ^2)^1/2 + DJ) / 2 + PE
    Total System Jitter     (TSJ):    0.071ns
    Total Input Jitter      (TIJ):    0.350ns
    Discrete Jitter          (DJ):    0.000ns
    Phase Error              (PE):    0.000ns
  Timing Exception:       False Path

    Location             Delay type                Incr(ns)  Path(ns)    Netlist Resource(s)
  -------------------------------------------------------------------    -------------------
                         (clock clk_fpga_0 rise edge)
                                                      0.000     0.000 r  
    PS7_X0Y0             PS7                          0.000     0.000 r  system_i/ps7/inst/PS7_i/FCLKCLK[0]
                         net (fo=1, routed)           0.315     0.315    system_i/ps7/inst/FCLK_CLK_unbuffered[0]
    BUFGCTRL_X0Y14       BUFG (Prop_bufg_I_O)         0.026     0.341 r  system_i/ps7/inst/buffer_fclk_clk_0.FCLK_CLK_0_BUFG/O
                         net (fo=1573, routed)        0.562     0.903    <hidden>
    SLICE_X16Y40         FDRE                                         r  <hidden>
  -------------------------------------------------------------------    -------------------
    SLICE_X16Y40         FDRE (Prop_fdre_C_Q)         0.148     1.051 r  <hidden>
                         net (fo=1, routed)           0.059     1.109    <hidden>
    SLICE_X17Y40         FDRE                                         r  <hidden>
  -------------------------------------------------------------------    -------------------

                         (clock clk_fpga_1 rise edge)
                                                      0.000     0.000 r  
    PS7_X0Y0             PS7                          0.000     0.000 r  system_i/ps7/inst/PS7_i/FCLKCLK[1]
                         net (fo=1, routed)           0.341     0.341    system_i/ps7/inst/FCLK_CLK_unbuffered[1]
    BUFGCTRL_X0Y15       BUFG (Prop_bufg_I_O)         0.029     0.370 r  system_i/ps7/inst/buffer_fclk_clk_1.FCLK_CLK_1_BUFG/O
                         net (fo=5260, routed)        0.830     1.200    <hidden>
    SLICE_X17Y40         FDRE                                         r  <hidden>





--------------------------------------------------------------------------------------
Path Group:  (none)
From Clock:  clk_fpga_1
  To Clock:  clk_fpga_1

Max Delay            39 Endpoints
Min Delay            39 Endpoints
--------------------------------------------------------------------------------------


Max Delay Paths
--------------------------------------------------------------------------------------
Slack:                    inf
  Source:                 system_i/sc_hp/inst/clk_map/psr_aclk/U0/ACTIVE_LOW_BSR_OUT_DFF[0].FDRE_BSR_N/C
                            (rising edge-triggered cell FDRE clocked by clk_fpga_1  {rise@0.000ns fall@3.000ns period=6.000ns})
  Destination:            <hidden>
                            (recovery check against rising-edge clock clk_fpga_1  {rise@0.000ns fall@3.000ns period=6.000ns})
  Path Group:             (none)
  Path Type:              Recovery (Max at Slow Process Corner)
  Data Path Delay:        2.286ns  (logic 0.610ns (26.684%)  route 1.676ns (73.316%))
  Logic Levels:           1  (LUT1=1)
  Clock Path Skew:        -0.294ns (DCD - SCD + CPR)
    Destination Clock Delay (DCD):    2.766ns
    Source Clock Delay      (SCD):    3.061ns
    Clock Pessimism Removal (CPR):    0.000ns
  Clock Uncertainty:      0.097ns  ((TSJ^2 + TIJ^2)^1/2 + DJ) / 2 + PE
    Total System Jitter     (TSJ):    0.071ns
    Total Input Jitter      (TIJ):    0.180ns
    Discrete Jitter          (DJ):    0.000ns
    Phase Error              (PE):    0.000ns
  Timing Exception:       False Path

    Location             Delay type                Incr(ns)  Path(ns)    Netlist Resource(s)
  -------------------------------------------------------------------    -------------------
                         (clock clk_fpga_1 rise edge)
                                                      0.000     0.000 r  
    PS7_X0Y0             PS7                          0.000     0.000 r  system_i/ps7/inst/PS7_i/FCLKCLK[1]
                         net (fo=1, routed)           1.207     1.207    system_i/ps7/inst/FCLK_CLK_unbuffered[1]
    BUFGCTRL_X0Y15       BUFG (Prop_bufg_I_O)         0.101     1.308 r  system_i/ps7/inst/buffer_fclk_clk_1.FCLK_CLK_1_BUFG/O
                         net (fo=5260, routed)        1.753     3.061    system_i/sc_hp/inst/clk_map/psr_aclk/U0/aclk
    SLICE_X43Y7          FDRE                                         r  system_i/sc_hp/inst/clk_map/psr_aclk/U0/ACTIVE_LOW_BSR_OUT_DFF[0].FDRE_BSR_N/C
  -------------------------------------------------------------------    -------------------
    SLICE_X43Y7          FDRE (Prop_fdre_C_Q)         0.456     3.517 r  system_i/sc_hp/inst/clk_map/psr_aclk/U0/ACTIVE_LOW_BSR_OUT_DFF[0].FDRE_BSR_N/Q
                         net (fo=7, routed)           0.846     4.363    <hidden>
    SLICE_X40Y8          LUT1 (Prop_lut1_I0_O)        0.154     4.517 f  <hidden>
                         net (fo=3, routed)           0.830     5.347    <hidden>
    SLICE_X40Y10         FDCE                                         f  <hidden>
  -------------------------------------------------------------------    -------------------

                         (clock clk_fpga_1 rise edge)
                                                      0.000     0.000 r  
    PS7_X0Y0             PS7                          0.000     0.000 r  system_i/ps7/inst/PS7_i/FCLKCLK[1]
                         net (fo=1, routed)           1.101     1.101    system_i/ps7/inst/FCLK_CLK_unbuffered[1]
    BUFGCTRL_X0Y15       BUFG (Prop_bufg_I_O)         0.091     1.192 r  system_i/ps7/inst/buffer_fclk_clk_1.FCLK_CLK_1_BUFG/O
                         net (fo=5260, routed)        1.574     2.766    <hidden>
    SLICE_X40Y10         FDCE                                         r  <hidden>





Min Delay Paths
--------------------------------------------------------------------------------------
Slack:                    inf
  Source:                 system_i/sc_hp/inst/clk_map/psr_aclk/U0/ACTIVE_LOW_BSR_OUT_DFF[0].FDRE_BSR_N/C
                            (rising edge-triggered cell FDRE clocked by clk_fpga_1  {rise@0.000ns fall@3.000ns period=6.000ns})
  Destination:            <hidden>
                            (removal check against rising-edge clock clk_fpga_1  {rise@0.000ns fall@3.000ns period=6.000ns})
  Path Group:             (none)
  Path Type:              Removal (Min at Fast Process Corner)
  Data Path Delay:        0.567ns  (logic 0.186ns (32.815%)  route 0.381ns (67.185%))
  Logic Levels:           1  (LUT1=1)
  Clock Path Skew:        0.297ns (DCD - SCD - CPR)
    Destination Clock Delay (DCD):    1.228ns
    Source Clock Delay      (SCD):    0.932ns
    Clock Pessimism Removal (CPR):    -0.000ns
  Clock Uncertainty:      0.097ns  ((TSJ^2 + TIJ^2)^1/2 + DJ) / 2 + PE
    Total System Jitter     (TSJ):    0.071ns
    Total Input Jitter      (TIJ):    0.180ns
    Discrete Jitter          (DJ):    0.000ns
    Phase Error              (PE):    0.000ns
  Timing Exception:       False Path

    Location             Delay type                Incr(ns)  Path(ns)    Netlist Resource(s)
  -------------------------------------------------------------------    -------------------
                         (clock clk_fpga_1 rise edge)
                                                      0.000     0.000 r  
    PS7_X0Y0             PS7                          0.000     0.000 r  system_i/ps7/inst/PS7_i/FCLKCLK[1]
                         net (fo=1, routed)           0.315     0.315    system_i/ps7/inst/FCLK_CLK_unbuffered[1]
    BUFGCTRL_X0Y15       BUFG (Prop_bufg_I_O)         0.026     0.341 r  system_i/ps7/inst/buffer_fclk_clk_1.FCLK_CLK_1_BUFG/O
                         net (fo=5260, routed)        0.591     0.932    system_i/sc_hp/inst/clk_map/psr_aclk/U0/aclk
    SLICE_X43Y7          FDRE                                         r  system_i/sc_hp/inst/clk_map/psr_aclk/U0/ACTIVE_LOW_BSR_OUT_DFF[0].FDRE_BSR_N/C
  -------------------------------------------------------------------    -------------------
    SLICE_X43Y7          FDRE (Prop_fdre_C_Q)         0.141     1.072 r  system_i/sc_hp/inst/clk_map/psr_aclk/U0/ACTIVE_LOW_BSR_OUT_DFF[0].FDRE_BSR_N/Q
                         net (fo=7, routed)           0.207     1.279    <hidden>
    SLICE_X41Y8          LUT1 (Prop_lut1_I0_O)        0.045     1.324 f  <hidden>
                         net (fo=3, routed)           0.174     1.498    <hidden>
    SLICE_X39Y9          FDCE                                         f  <hidden>
  -------------------------------------------------------------------    -------------------

                         (clock clk_fpga_1 rise edge)
                                                      0.000     0.000 r  
    PS7_X0Y0             PS7                          0.000     0.000 r  system_i/ps7/inst/PS7_i/FCLKCLK[1]
                         net (fo=1, routed)           0.341     0.341    system_i/ps7/inst/FCLK_CLK_unbuffered[1]
    BUFGCTRL_X0Y15       BUFG (Prop_bufg_I_O)         0.029     0.370 r  system_i/ps7/inst/buffer_fclk_clk_1.FCLK_CLK_1_BUFG/O
                         net (fo=5260, routed)        0.858     1.228    <hidden>
    SLICE_X39Y9          FDCE                                         r  <hidden>





