Copyright 1986-2022 Xilinx, Inc. All Rights Reserved. Copyright 2022-2025 Advanced Micro Devices, Inc. All Rights Reserved.
---------------------------------------------------------------------------------------------------------------------------------------------
| Tool Version : Vivado v.2025.1 (win64) Build 6140274 Thu May 22 00:12:29 MDT 2025
| Date         : Wed Sep  9 19:57:59 2026
| Host         : Siddharth-PC running 64-bit major release  (build 9200)
| Command      : report_utilization -hierarchical -file MOBILENET_RTL_SOURCE/soc/build_166.667_quantfix/utilization.rpt
| Design       : system_wrapper
| Device       : xc7z010clg400-1
| Speed File   : -1
| Design State : Physopt postRoute
---------------------------------------------------------------------------------------------------------------------------------------------

Utilization Design Information

Table of Contents
-----------------
1. Utilization by Hierarchy

1. Utilization by Hierarchy
---------------------------

+---------------------------------------------------------------------------+--------------------------------------------------------------------+------------+------------+---------+------+------+--------+--------+------------+
|                                  Instance                                 |                               Module                               | Total LUTs | Logic LUTs | LUTRAMs | SRLs |  FFs | RAMB36 | RAMB18 | DSP Blocks |
+---------------------------------------------------------------------------+--------------------------------------------------------------------+------------+------------+---------+------+------+--------+--------+------------+
| system_wrapper                                                            |                                                              (top) |       5129 |       4196 |     712 |  221 | 5236 |      0 |     12 |         42 |
|   system_i                                                                |                                                             system |       5129 |       4196 |     712 |  221 | 5236 |      0 |     12 |         42 |
|     sc_hp                                                                 |                                                     system_sc_hp_0 |       1718 |       1351 |     204 |  163 | 1942 |      0 |      0 |          0 |
|       inst                                                                |                                             system_sc_hp_0_bd_8677 |       1718 |       1351 |     204 |  163 | 1942 |      0 |      0 |          0 |
|         clk_map                                                           |                                  system_sc_hp_0_clk_map_imp_684VN1 |         41 |         38 |       0 |    3 |   90 |      0 |      0 |          0 |
|         m00_exit_pipeline                                                 |                       system_sc_hp_0_m00_exit_pipeline_imp_1UA18FQ |        439 |        427 |       0 |   12 |  314 |      0 |      0 |          0 |
|           m00_exit                                                        |                                      system_sc_hp_0_bd_8677_m00e_0 |        439 |        427 |       0 |   12 |  314 |      0 |      0 |          0 |
|             inst                                                          |                                 system_sc_hp_0_sc_exit_v1_0_17_top |        439 |        427 |       0 |   12 |  314 |      0 |      0 |          0 |
|               splitter_inst                                               |                            system_sc_hp_0_sc_exit_v1_0_17_splitter |        406 |        399 |       0 |    7 |  288 |      0 |      0 |          0 |
|                 gen_axi3.splitter_inst                                    |                           system_sc_hp_0_sc_exit_v1_0_17_axi3_conv |        403 |        396 |       0 |    7 |  288 |      0 |      0 |          0 |
|                   (gen_axi3.splitter_inst)                                |                           system_sc_hp_0_sc_exit_v1_0_17_axi3_conv |        115 |        115 |       0 |    0 |  132 |      0 |      0 |          0 |
|                   ar_cmd_reg                                              |                        system_sc_hp_0_sc_util_v1_0_4_axi_reg_stall |        113 |        113 |       0 |    0 |   64 |      0 |      0 |          0 |
|                   aw_cmd_reg                                              |                    system_sc_hp_0_sc_util_v1_0_4_axi_reg_stall_220 |        101 |        101 |       0 |    0 |   61 |      0 |      0 |          0 |
|         s00_entry_pipeline                                                |                       system_sc_hp_0_s00_entry_pipeline_imp_UIE3G5 |        771 |        623 |       0 |  148 |  864 |      0 |      0 |          0 |
|           s00_mmu                                                         |                                    system_sc_hp_0_bd_8677_s00mmu_0 |        169 |        169 |       0 |    0 |  194 |      0 |      0 |          0 |
|             inst                                                          |                                  system_sc_hp_0_sc_mmu_v1_0_15_top |        169 |        169 |       0 |    0 |  194 |      0 |      0 |          0 |
|               (inst)                                                      |                                  system_sc_hp_0_sc_mmu_v1_0_15_top |         53 |         53 |       0 |    0 |   30 |      0 |      0 |          0 |
|               ar_reg_stall                                                |    system_sc_hp_0_sc_util_v1_0_4_axi_reg_stall__parameterized1_218 |         42 |         42 |       0 |    0 |   72 |      0 |      0 |          0 |
|               aw_reg_stall                                                |    system_sc_hp_0_sc_util_v1_0_4_axi_reg_stall__parameterized1_219 |         43 |         43 |       0 |    0 |   72 |      0 |      0 |          0 |
|           s00_si_converter                                                |                                    system_sc_hp_0_bd_8677_s00sic_0 |        603 |        455 |       0 |  148 |  670 |      0 |      0 |          0 |
|             inst                                                          |                         system_sc_hp_0_sc_si_converter_v1_0_15_top |        603 |        455 |       0 |  148 |  670 |      0 |      0 |          0 |
|               converter.legacy_conversion.wrap_narrow_inst                |                 system_sc_hp_0_sc_si_converter_v1_0_15_wrap_narrow |        582 |        437 |       0 |  145 |  655 |      0 |      0 |          0 |
|                 (converter.legacy_conversion.wrap_narrow_inst)            |                 system_sc_hp_0_sc_si_converter_v1_0_15_wrap_narrow |         95 |         95 |       0 |    0 |  270 |      0 |      0 |          0 |
|                 ar_reg_slice                                              |        system_sc_hp_0_sc_util_v1_0_4_axi_reg_stall__parameterized1 |         33 |         33 |       0 |    0 |   86 |      0 |      0 |          0 |
|                 aw_reg_slice                                              |     system_sc_hp_0_sc_util_v1_0_4_axi_reg_stall__parameterized1_15 |         32 |         32 |       0 |    0 |   76 |      0 |      0 |          0 |
|                 gen_thread_loop[0].r_payld_fifo                           |                 system_sc_hp_0_sc_si_converter_v1_0_15_offset_fifo |        174 |        107 |       0 |   67 |   98 |      0 |      0 |          0 |
|                   (gen_thread_loop[0].r_payld_fifo)                       |                 system_sc_hp_0_sc_si_converter_v1_0_15_offset_fifo |         69 |         69 |       0 |    0 |   89 |      0 |      0 |          0 |
|                 w_cmd_fifo                                                |    system_sc_hp_0_sc_util_v1_0_4_axic_reg_srl_fifo__parameterized7 |         63 |         61 |       0 |    2 |   10 |      0 |      0 |          0 |
|                   (w_cmd_fifo)                                            |    system_sc_hp_0_sc_util_v1_0_4_axic_reg_srl_fifo__parameterized7 |         58 |         58 |       0 |    0 |   10 |      0 |      0 |          0 |
|                 w_payld_fifo                                              | system_sc_hp_0_sc_si_converter_v1_0_15_offset_fifo__parameterized0 |        145 |         73 |       0 |   72 |  103 |      0 |      0 |          0 |
|                   (w_payld_fifo)                                          | system_sc_hp_0_sc_si_converter_v1_0_15_offset_fifo__parameterized0 |         40 |         40 |       0 |    0 |   95 |      0 |      0 |          0 |
|         s00_nodes                                                         |                                system_sc_hp_0_s00_nodes_imp_XDRH0V |        470 |        266 |     204 |    0 |  674 |      0 |      0 |          0 |
|           s00_ar_node                                                     |                                      system_sc_hp_0_bd_8677_sarn_0 |        105 |         53 |      52 |    0 |  147 |      0 |      0 |          0 |
|             inst                                                          |                                 system_sc_hp_0_sc_node_v1_0_18_top |        105 |         53 |      52 |    0 |  147 |      0 |      0 |          0 |
|               inst_mi_handler                                             |                          system_sc_hp_0_sc_node_v1_0_18_mi_handler |        101 |         49 |      52 |    0 |  138 |      0 |      0 |          0 |
|                 gen_normal_area.inst_fifo_node_payld                      |                     system_sc_hp_0_sc_node_v1_0_18_fifo__xdcDup__1 |        101 |         49 |      52 |    0 |  136 |      0 |      0 |          0 |
|                   gen_xpm_memory_fifo.inst_fifo                           |           system_sc_hp_0_sc_util_v1_0_4_xpm_memory_fifo__xdcDup__1 |        101 |         49 |      52 |    0 |  136 |      0 |      0 |          0 |
|                     gen_mem_rep[0].inst_xpm_memory                        |                                system_sc_hp_0_xpm_memory_sdpram__2 |         52 |          0 |      52 |    0 |   66 |      0 |      0 |          0 |
|                       xpm_memory_base_inst                                |                                  system_sc_hp_0_xpm_memory_base__2 |         52 |          0 |      52 |    0 |   66 |      0 |      0 |          0 |
|           s00_aw_node                                                     |                                      system_sc_hp_0_bd_8677_sawn_0 |        102 |         54 |      48 |    0 |  144 |      0 |      0 |          0 |
|             inst                                                          |                 system_sc_hp_0_sc_node_v1_0_18_top__parameterized0 |        102 |         54 |      48 |    0 |  144 |      0 |      0 |          0 |
|               inst_mi_handler                                             |          system_sc_hp_0_sc_node_v1_0_18_mi_handler__parameterized0 |         97 |         49 |      48 |    0 |  135 |      0 |      0 |          0 |
|                 gen_normal_area.inst_fifo_node_payld                      |                                system_sc_hp_0_sc_node_v1_0_18_fifo |         97 |         49 |      48 |    0 |  133 |      0 |      0 |          0 |
|                   gen_xpm_memory_fifo.inst_fifo                           |                      system_sc_hp_0_sc_util_v1_0_4_xpm_memory_fifo |         97 |         49 |      48 |    0 |  133 |      0 |      0 |          0 |
|                     gen_mem_rep[0].inst_xpm_memory                        |                                   system_sc_hp_0_xpm_memory_sdpram |         48 |          0 |      48 |    0 |   63 |      0 |      0 |          0 |
|                       xpm_memory_base_inst                                |                                     system_sc_hp_0_xpm_memory_base |         48 |          0 |      48 |    0 |   63 |      0 |      0 |          0 |
|           s00_b_node                                                      |                                       system_sc_hp_0_bd_8677_sbn_0 |         58 |         54 |       4 |    0 |   83 |      0 |      0 |          0 |
|             inst                                                          |                 system_sc_hp_0_sc_node_v1_0_18_top__parameterized1 |         58 |         54 |       4 |    0 |   83 |      0 |      0 |          0 |
|               inst_mi_handler                                             |          system_sc_hp_0_sc_node_v1_0_18_mi_handler__parameterized1 |         53 |         49 |       4 |    0 |   74 |      0 |      0 |          0 |
|                 gen_normal_area.inst_fifo_node_payld                      |                system_sc_hp_0_sc_node_v1_0_18_fifo__parameterized0 |         53 |         49 |       4 |    0 |   72 |      0 |      0 |          0 |
|                   gen_xpm_memory_fifo.inst_fifo                           |      system_sc_hp_0_sc_util_v1_0_4_xpm_memory_fifo__parameterized0 |         53 |         49 |       4 |    0 |   72 |      0 |      0 |          0 |
|           s00_r_node                                                      |                                       system_sc_hp_0_bd_8677_srn_0 |        103 |         55 |      48 |    0 |  147 |      0 |      0 |          0 |
|             inst                                                          |                 system_sc_hp_0_sc_node_v1_0_18_top__parameterized2 |        103 |         55 |      48 |    0 |  147 |      0 |      0 |          0 |
|               inst_mi_handler                                             |          system_sc_hp_0_sc_node_v1_0_18_mi_handler__parameterized2 |         97 |         49 |      48 |    0 |  138 |      0 |      0 |          0 |
|                 gen_normal_area.inst_fifo_node_payld                      |                system_sc_hp_0_sc_node_v1_0_18_fifo__parameterized1 |         97 |         49 |      48 |    0 |  136 |      0 |      0 |          0 |
|                   gen_xpm_memory_fifo.inst_fifo                           |      system_sc_hp_0_sc_util_v1_0_4_xpm_memory_fifo__parameterized1 |         97 |         49 |      48 |    0 |  136 |      0 |      0 |          0 |
|                     gen_mem_rep[0].inst_xpm_memory                        |                   system_sc_hp_0_xpm_memory_sdpram__parameterized1 |         48 |          0 |      48 |    0 |   66 |      0 |      0 |          0 |
|                       xpm_memory_base_inst                                |                     system_sc_hp_0_xpm_memory_base__parameterized1 |         48 |          0 |      48 |    0 |   66 |      0 |      0 |          0 |
|           s00_w_node                                                      |                                       system_sc_hp_0_bd_8677_swn_0 |        106 |         54 |      52 |    0 |  153 |      0 |      0 |          0 |
|             inst                                                          |                 system_sc_hp_0_sc_node_v1_0_18_top__parameterized3 |        106 |         54 |      52 |    0 |  153 |      0 |      0 |          0 |
|               inst_mi_handler                                             |          system_sc_hp_0_sc_node_v1_0_18_mi_handler__parameterized3 |        101 |         49 |      52 |    0 |  144 |      0 |      0 |          0 |
|                 gen_normal_area.inst_fifo_node_payld                      |                system_sc_hp_0_sc_node_v1_0_18_fifo__parameterized2 |        101 |         49 |      52 |    0 |  142 |      0 |      0 |          0 |
|                   gen_xpm_memory_fifo.inst_fifo                           |      system_sc_hp_0_sc_util_v1_0_4_xpm_memory_fifo__parameterized2 |        101 |         49 |      52 |    0 |  142 |      0 |      0 |          0 |
|                     gen_mem_rep[0].inst_xpm_memory                        |                   system_sc_hp_0_xpm_memory_sdpram__parameterized2 |         52 |          0 |      52 |    0 |   72 |      0 |      0 |          0 |
|                       xpm_memory_base_inst                                |                     system_sc_hp_0_xpm_memory_base__parameterized2 |         52 |          0 |      52 |    0 |   72 |      0 |      0 |          0 |
|     accelerator                                                           |                                               system_accelerator_0 |       2856 |       2295 |     508 |   53 | 2381 |      0 |     12 |         42 |
|       inst                                                                |                             system_accelerator_0_accelerator_top_v |       2856 |       2295 |     508 |   53 | 2381 |      0 |     12 |         42 |
|         core                                                              |                               system_accelerator_0_accelerator_top |       2854 |       2293 |     508 |   53 | 2381 |      0 |     12 |         42 |
|           (core)                                                          |                               system_accelerator_0_accelerator_top |        150 |        150 |       0 |    0 |  473 |      0 |      0 |          0 |
|           engine                                                          |                                  system_accelerator_0_layer_engine |       2317 |       1910 |     354 |   53 | 1702 |      0 |     12 |         42 |
|             (engine)                                                      |                                  system_accelerator_0_layer_engine |       1426 |       1072 |     354 |    0 | 1316 |      0 |     12 |          6 |
|             mac                                                           |                                    system_accelerator_0_vector_mac |        480 |        480 |       0 |    0 |   16 |      0 |      0 |         32 |
|             quant                                                         |                                    system_accelerator_0_requantize |        419 |        366 |       0 |   53 |  370 |      0 |      0 |          4 |
|           memory                                                          |                                    system_accelerator_0_axi_memory |        389 |        235 |     154 |    0 |  206 |      0 |      0 |          0 |
|     sc_ctl                                                                |                                                    system_sc_ctl_0 |        522 |        519 |       0 |    3 |  847 |      0 |      0 |          0 |
|       inst                                                                |                                            system_sc_ctl_0_bd_3cbf |        522 |        519 |       0 |    3 |  847 |      0 |      0 |          0 |
|         clk_map                                                           |                                 system_sc_ctl_0_clk_map_imp_V992IS |         41 |         38 |       0 |    3 |   90 |      0 |      0 |          0 |
|         s00_entry_pipeline                                                |                      system_sc_ctl_0_s00_entry_pipeline_imp_334R8C |        404 |        404 |       0 |    0 |  416 |      0 |      0 |          0 |
|           s00_mmu                                                         |                                   system_sc_ctl_0_bd_3cbf_s00mmu_0 |        169 |        169 |       0 |    0 |  195 |      0 |      0 |          0 |
|             inst                                                          |                                 system_sc_ctl_0_sc_mmu_v1_0_15_top |        169 |        169 |       0 |    0 |  195 |      0 |      0 |          0 |
|               gen_endpoint.decerr_slave_inst                              |                        system_sc_ctl_0_sc_mmu_v1_0_15_decerr_slave |         62 |         62 |       0 |    0 |   41 |      0 |      0 |          0 |
|               ar_reg_stall                                                |       system_sc_ctl_0_sc_util_v1_0_4_axi_reg_stall__parameterized0 |         42 |         42 |       0 |    0 |   68 |      0 |      0 |          0 |
|               aw_reg_stall                                                |     system_sc_ctl_0_sc_util_v1_0_4_axi_reg_stall__parameterized0_1 |         44 |         44 |       0 |    0 |   68 |      0 |      0 |          0 |
|           s00_si_converter                                                |                                   system_sc_ctl_0_bd_3cbf_s00sic_0 |        229 |        229 |       0 |    0 |  189 |      0 |      0 |          0 |
|             inst                                                          |                        system_sc_ctl_0_sc_si_converter_v1_0_15_top |        229 |        229 |       0 |    0 |  189 |      0 |      0 |          0 |
|               gen_axilite_conv.axilite_conv_inst                          |               system_sc_ctl_0_sc_si_converter_v1_0_15_axilite_conv |        227 |        227 |       0 |    0 |  185 |      0 |      0 |          0 |
|         s00_nodes                                                         |                               system_sc_ctl_0_s00_nodes_imp_8HNF0M |         68 |         68 |       0 |    0 |  332 |      0 |      0 |          0 |
|           s00_ar_node                                                     |                                     system_sc_ctl_0_bd_3cbf_sarn_0 |         15 |         15 |       0 |    0 |   52 |      0 |      0 |          0 |
|             inst                                                          |                                system_sc_ctl_0_sc_node_v1_0_18_top |         15 |         15 |       0 |    0 |   52 |      0 |      0 |          0 |
|           s00_aw_node                                                     |                                     system_sc_ctl_0_bd_3cbf_sawn_0 |         14 |         14 |       0 |    0 |   52 |      0 |      0 |          0 |
|             inst                                                          |                system_sc_ctl_0_sc_node_v1_0_18_top__parameterized0 |         14 |         14 |       0 |    0 |   52 |      0 |      0 |          0 |
|           s00_r_node                                                      |                                      system_sc_ctl_0_bd_3cbf_srn_0 |         14 |         14 |       0 |    0 |   96 |      0 |      0 |          0 |
|             inst                                                          |                system_sc_ctl_0_sc_node_v1_0_18_top__parameterized2 |         14 |         14 |       0 |    0 |   96 |      0 |      0 |          0 |
|               inst_mi_handler                                             |         system_sc_ctl_0_sc_node_v1_0_18_mi_handler__parameterized2 |          9 |          9 |       0 |    0 |   88 |      0 |      0 |          0 |
|                 gen_normal_area.inst_fifo_node_payld                      |               system_sc_ctl_0_sc_node_v1_0_18_fifo__parameterized1 |          9 |          9 |       0 |    0 |   86 |      0 |      0 |          0 |
|                   gen_reg_fifo_async.inst_reg_fifo_async                  |     system_sc_ctl_0_sc_node_v1_0_18_reg_fifo_async__parameterized1 |          9 |          9 |       0 |    0 |   86 |      0 |      0 |          0 |
|                     gen_xpm_cdc_handshake_array[0].inst_cdc_handshake     |                  system_sc_ctl_0_xpm_cdc_handshake__parameterized1 |          2 |          2 |       0 |    0 |   76 |      0 |      0 |          0 |
|                       (gen_xpm_cdc_handshake_array[0].inst_cdc_handshake) |                  system_sc_ctl_0_xpm_cdc_handshake__parameterized1 |          2 |          2 |       0 |    0 |   70 |      0 |      0 |          0 |
|           s00_w_node                                                      |                                      system_sc_ctl_0_bd_3cbf_swn_0 |         14 |         14 |       0 |    0 |  100 |      0 |      0 |          0 |
|             inst                                                          |                system_sc_ctl_0_sc_node_v1_0_18_top__parameterized3 |         14 |         14 |       0 |    0 |  100 |      0 |      0 |          0 |
|               inst_mi_handler                                             |         system_sc_ctl_0_sc_node_v1_0_18_mi_handler__parameterized3 |          9 |          9 |       0 |    0 |   92 |      0 |      0 |          0 |
|                 gen_normal_area.inst_fifo_node_payld                      |               system_sc_ctl_0_sc_node_v1_0_18_fifo__parameterized2 |          9 |          9 |       0 |    0 |   90 |      0 |      0 |          0 |
|                   gen_reg_fifo_async.inst_reg_fifo_async                  |     system_sc_ctl_0_sc_node_v1_0_18_reg_fifo_async__parameterized2 |          9 |          9 |       0 |    0 |   90 |      0 |      0 |          0 |
|                     gen_xpm_cdc_handshake_array[0].inst_cdc_handshake     |                  system_sc_ctl_0_xpm_cdc_handshake__parameterized2 |          2 |          2 |       0 |    0 |   80 |      0 |      0 |          0 |
|                       (gen_xpm_cdc_handshake_array[0].inst_cdc_handshake) |                  system_sc_ctl_0_xpm_cdc_handshake__parameterized2 |          2 |          2 |       0 |    0 |   74 |      0 |      0 |          0 |
+---------------------------------------------------------------------------+--------------------------------------------------------------------+------------+------------+---------+------+------+--------+--------+------------+
* Note: The sum of lower-level cells may be larger than their parent cells total, due to cross-hierarchy LUT combining


